// Jest Snapshot v1, https://goo.gl/fbAQLP

exports[`should render Pie chart and match the snapshot 1`] = `
{
  "asFragment": [Function],
  "baseElement": <body>
    <div>
      <div
        class="MuiContainer-root MuiContainer-maxWidthLg css-1oqqzyl-MuiContainer-root"
        css="You have tried to stringify object returned from \`css\` function. It isn't supposed to be used directly (e.g. as value of the \`className\` prop), but rather handed to emotion so it can handle it (e.g. as value of \`css\` prop)."
      >
        <div
          class="recharts-wrapper"
          role="region"
          style="position: relative; cursor: default; width: 500px; height: 200px;"
        >
          <svg
            class="recharts-surface"
            cx="50%"
            cy="50%"
            height="200"
            viewBox="0 0 500 200"
            width="500"
          >
            <title />
            <desc />
            <defs>
              <clippath
                id="recharts1-clip"
              >
                <rect
                  height="190"
                  width="490"
                  x="5"
                  y="5"
                />
              </clippath>
            </defs>
          </svg>
          <div
            class="recharts-legend-wrapper"
            style="position: absolute; width: auto; height: auto; right: 5px; overflow-y: auto; top: 30px;"
          />
          <div
            class="recharts-tooltip-wrapper"
            role="dialog"
            style="transform: translate(undefinedpx, undefinedpx); pointer-events: none; visibility: hidden; position: absolute; top: 0px; left: 0px;"
            tabindex="-1"
          >
            <div
              class="recharts-default-tooltip"
              style="margin: 0px; padding: 10px; background-color: rgb(255, 255, 255); border: 1px solid #ccc; white-space: nowrap;"
            >
              <p
                class="recharts-tooltip-label"
                style="margin: 0px;"
              />
            </div>
          </div>
        </div>
      </div>
    </div>
  </body>,
  "container": <div>
    <div
      class="MuiContainer-root MuiContainer-maxWidthLg css-1oqqzyl-MuiContainer-root"
      css="You have tried to stringify object returned from \`css\` function. It isn't supposed to be used directly (e.g. as value of the \`className\` prop), but rather handed to emotion so it can handle it (e.g. as value of \`css\` prop)."
    >
      <div
        class="recharts-wrapper"
        role="region"
        style="position: relative; cursor: default; width: 500px; height: 200px;"
      >
        <svg
          class="recharts-surface"
          cx="50%"
          cy="50%"
          height="200"
          viewBox="0 0 500 200"
          width="500"
        >
          <title />
          <desc />
          <defs>
            <clippath
              id="recharts1-clip"
            >
              <rect
                height="190"
                width="490"
                x="5"
                y="5"
              />
            </clippath>
          </defs>
        </svg>
        <div
          class="recharts-legend-wrapper"
          style="position: absolute; width: auto; height: auto; right: 5px; overflow-y: auto; top: 30px;"
        />
        <div
          class="recharts-tooltip-wrapper"
          role="dialog"
          style="transform: translate(undefinedpx, undefinedpx); pointer-events: none; visibility: hidden; position: absolute; top: 0px; left: 0px;"
          tabindex="-1"
        >
          <div
            class="recharts-default-tooltip"
            style="margin: 0px; padding: 10px; background-color: rgb(255, 255, 255); border: 1px solid #ccc; white-space: nowrap;"
          >
            <p
              class="recharts-tooltip-label"
              style="margin: 0px;"
            />
          </div>
        </div>
      </div>
    </div>
  </div>,
  "debug": [Function],
  "findAllByAltText": [Function],
  "findAllByDisplayValue": [Function],
  "findAllByLabelText": [Function],
  "findAllByPlaceholderText": [Function],
  "findAllByRole": [Function],
  "findAllByTestId": [Function],
  "findAllByText": [Function],
  "findAllByTitle": [Function],
  "findByAltText": [Function],
  "findByDisplayValue": [Function],
  "findByLabelText": [Function],
  "findByPlaceholderText": [Function],
  "findByRole": [Function],
  "findByTestId": [Function],
  "findByText": [Function],
  "findByTitle": [Function],
  "getAllByAltText": [Function],
  "getAllByDisplayValue": [Function],
  "getAllByLabelText": [Function],
  "getAllByPlaceholderText": [Function],
  "getAllByRole": [Function],
  "getAllByTestId": [Function],
  "getAllByText": [Function],
  "getAllByTitle": [Function],
  "getByAltText": [Function],
  "getByDisplayValue": [Function],
  "getByLabelText": [Function],
  "getByPlaceholderText": [Function],
  "getByRole": [Function],
  "getByTestId": [Function],
  "getByText": [Function],
  "getByTitle": [Function],
  "queryAllByAltText": [Function],
  "queryAllByDisplayValue": [Function],
  "queryAllByLabelText": [Function],
  "queryAllByPlaceholderText": [Function],
  "queryAllByRole": [Function],
  "queryAllByTestId": [Function],
  "queryAllByText": [Function],
  "queryAllByTitle": [Function],
  "queryByAltText": [Function],
  "queryByDisplayValue": [Function],
  "queryByLabelText": [Function],
  "queryByPlaceholderText": [Function],
  "queryByRole": [Function],
  "queryByTestId": [Function],
  "queryByText": [Function],
  "queryByTitle": [Function],
  "rerender": [Function],
  "unmount": [Function],
}
`;
