// Jest Snapshot v1, https://goo.gl/fbAQLP

exports[`should render and match the snapshot 1`] = `
{
  "asFragment": [Function],
  "baseElement": <body>
    <div>
      <div
        class="MuiContainer-root MuiContainer-maxWidthLg css-1oqqzyl-MuiContainer-root"
        css="You have tried to stringify object returned from \`css\` function. It isn't supposed to be used directly (e.g. as value of the \`className\` prop), but rather handed to emotion so it can handle it (e.g. as value of \`css\` prop)."
      >
        <form
          action="#"
          css="You have tried to stringify object returned from \`css\` function. It isn't supposed to be used directly (e.g. as value of the \`className\` prop), but rather handed to emotion so it can handle it (e.g. as value of \`css\` prop)."
        >
          <h2
            class="MuiTypography-root MuiTypography-h2 css-1sra7t5-MuiTypography-root"
            css="You have tried to stringify object returned from \`css\` function. It isn't supposed to be used directly (e.g. as value of the \`className\` prop), but rather handed to emotion so it can handle it (e.g. as value of \`css\` prop)."
          >
            LoginHello
          </h2>
          <input
            css="You have tried to stringify object returned from \`css\` function. It isn't supposed to be used directly (e.g. as value of the \`className\` prop), but rather handed to emotion so it can handle it (e.g. as value of \`css\` prop)."
            name="email"
            placeholder="LoginEmailPlaceHolder"
            type="text"
            value=""
          />
          <input
            css="You have tried to stringify object returned from \`css\` function. It isn't supposed to be used directly (e.g. as value of the \`className\` prop), but rather handed to emotion so it can handle it (e.g. as value of \`css\` prop)."
            name="password"
            placeholder="LoginPasswordPlaceHolder"
            type="password"
            value=""
          />
          <button
            css="You have tried to stringify object returned from \`css\` function. It isn't supposed to be used directly (e.g. as value of the \`className\` prop), but rather handed to emotion so it can handle it (e.g. as value of \`css\` prop)."
            type="submit"
          >
            Login
          </button>
          <a
            css="You have tried to stringify object returned from \`css\` function. It isn't supposed to be used directly (e.g. as value of the \`className\` prop), but rather handed to emotion so it can handle it (e.g. as value of \`css\` prop)."
            href="#"
            id="forgotpassword"
          >
            LoginPassword
          </a>
        </form>
      </div>
    </div>
  </body>,
  "container": <div>
    <div
      class="MuiContainer-root MuiContainer-maxWidthLg css-1oqqzyl-MuiContainer-root"
      css="You have tried to stringify object returned from \`css\` function. It isn't supposed to be used directly (e.g. as value of the \`className\` prop), but rather handed to emotion so it can handle it (e.g. as value of \`css\` prop)."
    >
      <form
        action="#"
        css="You have tried to stringify object returned from \`css\` function. It isn't supposed to be used directly (e.g. as value of the \`className\` prop), but rather handed to emotion so it can handle it (e.g. as value of \`css\` prop)."
      >
        <h2
          class="MuiTypography-root MuiTypography-h2 css-1sra7t5-MuiTypography-root"
          css="You have tried to stringify object returned from \`css\` function. It isn't supposed to be used directly (e.g. as value of the \`className\` prop), but rather handed to emotion so it can handle it (e.g. as value of \`css\` prop)."
        >
          LoginHello
        </h2>
        <input
          css="You have tried to stringify object returned from \`css\` function. It isn't supposed to be used directly (e.g. as value of the \`className\` prop), but rather handed to emotion so it can handle it (e.g. as value of \`css\` prop)."
          name="email"
          placeholder="LoginEmailPlaceHolder"
          type="text"
          value=""
        />
        <input
          css="You have tried to stringify object returned from \`css\` function. It isn't supposed to be used directly (e.g. as value of the \`className\` prop), but rather handed to emotion so it can handle it (e.g. as value of \`css\` prop)."
          name="password"
          placeholder="LoginPasswordPlaceHolder"
          type="password"
          value=""
        />
        <button
          css="You have tried to stringify object returned from \`css\` function. It isn't supposed to be used directly (e.g. as value of the \`className\` prop), but rather handed to emotion so it can handle it (e.g. as value of \`css\` prop)."
          type="submit"
        >
          Login
        </button>
        <a
          css="You have tried to stringify object returned from \`css\` function. It isn't supposed to be used directly (e.g. as value of the \`className\` prop), but rather handed to emotion so it can handle it (e.g. as value of \`css\` prop)."
          href="#"
          id="forgotpassword"
        >
          LoginPassword
        </a>
      </form>
    </div>
  </div>,
  "debug": [Function],
  "findAllByAltText": [Function],
  "findAllByDisplayValue": [Function],
  "findAllByLabelText": [Function],
  "findAllByPlaceholderText": [Function],
  "findAllByRole": [Function],
  "findAllByTestId": [Function],
  "findAllByText": [Function],
  "findAllByTitle": [Function],
  "findByAltText": [Function],
  "findByDisplayValue": [Function],
  "findByLabelText": [Function],
  "findByPlaceholderText": [Function],
  "findByRole": [Function],
  "findByTestId": [Function],
  "findByText": [Function],
  "findByTitle": [Function],
  "getAllByAltText": [Function],
  "getAllByDisplayValue": [Function],
  "getAllByLabelText": [Function],
  "getAllByPlaceholderText": [Function],
  "getAllByRole": [Function],
  "getAllByTestId": [Function],
  "getAllByText": [Function],
  "getAllByTitle": [Function],
  "getByAltText": [Function],
  "getByDisplayValue": [Function],
  "getByLabelText": [Function],
  "getByPlaceholderText": [Function],
  "getByRole": [Function],
  "getByTestId": [Function],
  "getByText": [Function],
  "getByTitle": [Function],
  "queryAllByAltText": [Function],
  "queryAllByDisplayValue": [Function],
  "queryAllByLabelText": [Function],
  "queryAllByPlaceholderText": [Function],
  "queryAllByRole": [Function],
  "queryAllByTestId": [Function],
  "queryAllByText": [Function],
  "queryAllByTitle": [Function],
  "queryByAltText": [Function],
  "queryByDisplayValue": [Function],
  "queryByLabelText": [Function],
  "queryByPlaceholderText": [Function],
  "queryByRole": [Function],
  "queryByTestId": [Function],
  "queryByText": [Function],
  "queryByTitle": [Function],
  "rerender": [Function],
  "unmount": [Function],
}
`;
